{
    "identifier": "b8bfdd2d-072f-4462-8dac-22d6fb92c335",
    "firstname": "John",
    "lastname": "Smith",
    "email": "test@email.local"
}
